python : Creating test database for alias 'default' ('file:memorydb_default?mode=memory&cache=shared')...
At line:1 char:1
+ python manage.py test --verbosity=2 2>&1 | Tee-Object -FilePath "../t ...
+ ~~~~~~~~~~~~~~~~~~~~~~~~~~~~~~~~~~~~~~~~
    + CategoryInfo          : NotSpecified: (Creating test d...che=shared')...:String) [], RemoteException
    + FullyQualifiedErrorId : NativeCommandError
 


================================================================================
MANUAL AUTO-PRINT TEST
================================================================================
=== COMPREHENSIVE SYSTEM TEST ===

1. PERSONNEL RECORDS
   Active personnel: 7
   Deleted personnel: 3
   Total personnel: 10
   Deleted records:
     - PE-999999050226: Test Delete, deleted_at=2026-02-05 15:55:23.410012+00:00
     - PE-ARM001270126: Bob Johnson, deleted_at=2026-01-27 03:48:39.406528+00:00
     - PO-OFF001270126: JANE S. SMITH, deleted_at=2026-01-27 03:48:39.405468+00:00

2. QR CODE RECORDS
   Active QR codes: 12
   Inactive QR codes: 3
   Total QR codes: 15
   Inactive QR codes:
     - PE-999999050226: deleted_at=2026-02-05 15:55:23.411873+00:00
     - PE-ARM001270126: deleted_at=2026-01-27 03:48:39.407028+00:00
     - PO-OFF001270126: deleted_at=2026-01-27 03:48:39.406024+00:00

3. ORPHANED QR CODES CHECK
=== TESTING DELETE WORKFLOW ===

1. CREATING TEST USER + PERSONNEL
================================================================================
FINAL SOFT DELETE SYSTEM VERIFICATION
================================================================================

1. CHECKING CURRENT DATABASE STATE
   Total personnel (including deleted): 10
   Active personnel (shown in GUI): 7
   Deleted personnel (hidden from GUI): 3

   Deleted personnel:
     - Test Delete (Serial: 999999)
       ID: PE-999999050226, deleted_at: 2026-02-05 15:55:23.410012+00:00
       QR: is_active=False, deleted_at=2026-02-05 15:55:23.411873+00:00
       QR visible in GUI: False (should be False)
       Transaction valid: False (should be False)
       Message: QR code is inactive (personnel/item has been deleted)
     - Bob Johnson (Serial: ARM001)
       ID: PE-ARM001270126, deleted_at: 2026-01-27 03:48:39.406528+00:00
       QR: is_active=False, deleted_at=2026-01-27 03:48:39.407028+00:00
       QR visible in GUI: False (should be False)
       Transaction valid: False (should be False)
       Message: QR code is inactive (personnel/item has been deleted)
     - JANE S. SMITH (Serial: OFF001)
       ID: PO-OFF001270126, deleted_at: 2026-01-27 03:48:39.405468+00:00
       QR: is_active=False, deleted_at=2026-01-27 03:48:39.406024+00:00
       QR visible in GUI: False (should be False)
       Transaction valid: False (should be False)
       Message: QR code is inactive (personnel/item has been deleted)

2. QR CODE STATUS
   Total personnel QR codes: 10
   Active QR codes (shown in GUI): 7
   Inactive QR codes (hidden from GUI): 3

3. ORPHANED QR CODE CHECK
======================================================================
NOTIFICATION DEBUG TEST
======================================================================
Testing transaction 39
PDF page info: {'width': 612.0, 'height': 936.0, 'rotation': 0}
=== QR CODE GUI DISPLAY TEST ===

1. DEFAULT QUERY (what GUI sees)
   QR codes shown in GUI: 12
================================================================================
TESTING QR CODE TRANSACTION FLOW
================================================================================

1. CHECKING QR CODE FORMAT IN DATABASE
   Sample QR Code:
   - reference_id: PE-998234270126
   - qr_data: PE-998234270126
   - qr_type: personnel
   - is_active: True

2. CHECKING PERSONNEL RECORD
======================================================================
TRANSACTION NOTIFICATION SYSTEM TEST
======================================================================
Found 33 test(s).
Operations to perform:
  Synchronize unmigrated apps: channels, core, daphne, messages, staticfiles, vpn_integration
  Apply all migrations: admin, admin_app, auth, axes, contenttypes, inventory, personnel, print_handler, qr_manager, sessions, transactions, users
Synchronizing apps without migrations:
  Creating tables...
    Running deferred SQL...
Running migrations:
  Applying contenttypes.0001_initial... OK
  Applying auth.0001_initial... OK
  Applying admin.0001_initial... OK
  Applying admin.0002_logentry_remove_auto_add... OK
  Applying admin.0003_logentry_add_action_flag_choices... OK
  Applying admin_app.0001_initial... OK
  Applying admin_app.0002_deletedrecord_deletion_reason_and_more... OK
  Applying contenttypes.0002_remove_content_type_name... OK
  Applying auth.0002_alter_permission_name_max_length... OK
  Applying auth.0003_alter_user_email_max_length... OK
  Applying auth.0004_alter_user_username_opts... OK
  Applying auth.0005_alter_user_last_login_null... OK
  Applying auth.0006_require_contenttypes_0002... OK
  Applying auth.0007_alter_validators_add_error_messages... OK
  Applying auth.0008_alter_user_username_max_length... OK
  Applying auth.0009_alter_user_last_name_max_length... OK
  Applying auth.0010_alter_group_name_max_length... OK
  Applying auth.0011_update_proxy_permissions... OK
  Applying auth.0012_alter_user_first_name_max_length... OK
  Applying axes.0001_initial... OK
  Applying axes.0002_auto_20151217_2044... OK
  Applying axes.0003_auto_20160322_0929... OK
  Applying axes.0004_auto_20181024_1538... OK
  Applying axes.0005_remove_accessattempt_trusted... OK
  Applying axes.0006_remove_accesslog_trusted... OK
  Applying axes.0007_alter_accessattempt_unique_together... OK
  Applying axes.0008_accessfailurelog... OK
  Applying axes.0009_add_session_hash... OK
  Applying inventory.0001_initial... OK
  Applying personnel.0001_initial... OK
  Applying personnel.0002_personnel_user... OK
  Applying personnel.0003_alter_personnel_picture... OK
  Applying personnel.0004_personnel_classification_alter_personnel_rank... OK
  Applying personnel.0005_alter_personnel_classification... OK
  Applying personnel.0006_remove_personnel_office_personnel_group... OK
  Applying personnel.0007_personnel_deleted_at... OK
  Applying print_handler.0001_initial... OK
  Applying print_handler.0002_delete_printconfiguration... OK
  Applying qr_manager.0001_initial... OK
  Applying qr_manager.0002_alter_qrcodeimage_qr_image... OK
  Applying qr_manager.0003_qrcodeimage_deleted_at_qrcodeimage_is_active... OK
  Applying sessions.0001_initial... OK
  Applying transactions.0001_initial... OK
  Applying transactions.0002_transaction_issued_by... OK
  Applying users.0001_initial... OK
  Applying users.0002_userprofile_profile_picture... OK
  Applying users.0003_alter_userprofile_phone_number... OK
  Applying users.0004_remove_userprofile_department_userprofile_group... OK
  Applying users.0005_userprofile_is_restricted_admin... OK
  Applying users.0006_userprofile_last_session_key... OK
System check identified no issues (0 silenced).
scripts.tests.test_auto_print_manual (unittest.loader._FailedTest.scripts.tests.test_auto_print_manual) ... 
ERROR
scripts.tests.test_comprehensive_system_check 
(unittest.loader._FailedTest.scripts.tests.test_comprehensive_system_check) ... ERROR
scripts.tests.test_consistency (unittest.loader._FailedTest.scripts.tests.test_consistency) ... ERROR
scripts.tests.test_delete_workflow (unittest.loader._FailedTest.scripts.tests.test_delete_workflow) ... ERROR
scripts.tests.test_final_verification (unittest.loader._FailedTest.scripts.tests.test_final_verification) ... 
ERROR
scripts.tests.test_notification_debug (unittest.loader._FailedTest.scripts.tests.test_notification_debug) ... 
ERROR
scripts.tests.test_pdf_fill (unittest.loader._FailedTest.scripts.tests.test_pdf_fill) ... ERROR
scripts.tests.test_qr_gui_display (unittest.loader._FailedTest.scripts.tests.test_qr_gui_display) ... ERROR
scripts.tests.test_qr_transaction_flow (unittest.loader._FailedTest.scripts.tests.test_qr_transaction_flow) 
... ERROR
scripts.tests.test_transaction_notifications 
(unittest.loader._FailedTest.scripts.tests.test_transaction_notifications) ... ERROR
test_lan_required_decorator (scripts.tests.test_network_security.DecoratorTest.test_lan_required_decorator)
Test @lan_required decorator ... LAN-only operation attempted via <MagicMock name='mock.network_type' 
id='2058278236912'>: <MagicMock name='mock.path' id='2058297437760'>
ERROR
test_read_only_on_wan_decorator 
(scripts.tests.test_network_security.DecoratorTest.test_read_only_on_wan_decorator)
Test @read_only_on_wan decorator ... ok
test_admin_panel_lan_access 
(scripts.tests.test_network_security.LANOnlyAccessTest.test_admin_panel_lan_access)
Test admin panel accessible via LAN ... ok
test_admin_panel_wan_blocked 
(scripts.tests.test_network_security.LANOnlyAccessTest.test_admin_panel_wan_blocked)
Test admin panel blocked via WAN ... ok
test_transaction_creation_lan_required 
(scripts.tests.test_network_security.LANOnlyAccessTest.test_transaction_creation_lan_required)
Test transaction creation requires LAN ... ok
test_network_based_access_middleware 
(scripts.tests.test_network_security.MiddlewareTest.test_network_based_access_middleware)
Test NetworkBasedAccessMiddleware ... ok
test_user_role_network_middleware 
(scripts.tests.test_network_security.MiddlewareTest.test_user_role_network_middleware)
Test UserRoleNetworkMiddleware ... ok
test_lan_port_detection (scripts.tests.test_network_security.NetworkTypeDetectionTest.test_lan_port_detection)
Test LAN network detection on port 8443 ... FAIL
test_unknown_port_defaults 
(scripts.tests.test_network_security.NetworkTypeDetectionTest.test_unknown_port_defaults)
Test unknown port defaults to WAN for security ... ERROR
test_wan_port_detection (scripts.tests.test_network_security.NetworkTypeDetectionTest.test_wan_port_detection)
Test WAN network detection on port 443 ... FAIL
test_admin_wan_restriction 
(scripts.tests.test_network_security.RoleBasedNetworkTest.test_admin_wan_restriction)
Test admin users restricted from WAN ... ok
test_regular_user_wan_only 
(scripts.tests.test_network_security.RoleBasedNetworkTest.test_regular_user_wan_only)
Test regular users restricted to WAN only ... ok
test_staff_dual_access (scripts.tests.test_network_security.RoleBasedNetworkTest.test_staff_dual_access)
Test staff users can access both networks ... ok
test_lan_only_paths_configured 
(scripts.tests.test_network_security.SecurityConfigurationTest.test_lan_only_paths_configured)
Test LAN-only paths configuration ... ok
test_network_ports_configured 
(scripts.tests.test_network_security.SecurityConfigurationTest.test_network_ports_configured)
Test network port configuration ... ok
test_role_network_restrictions_configured 
(scripts.tests.test_network_security.SecurityConfigurationTest.test_role_network_restrictions_configured)
Test role-based network restrictions configuration ... ok
test_wan_readonly_paths_configured 
(scripts.tests.test_network_security.SecurityConfigurationTest.test_wan_readonly_paths_configured)
Test WAN read-only paths configuration ... ok
test_full_security_stack 
(scripts.tests.test_network_security.SecurityIntegrationTest.test_full_security_stack)
Test complete security stack integration ... ok
test_security_logging (scripts.tests.test_network_security.SecurityIntegrationTest.test_security_logging)
Test security event logging ... ok
test_session_timeout_enforcement 
(scripts.tests.test_network_security.SecurityIntegrationTest.test_session_timeout_enforcement)
Test session timeout by network type ... ok
test_network_context_processor 
(scripts.tests.test_network_security.TemplateContextTest.test_network_context_processor)
Test network context processor ... FAIL
test_personnel_view_wan_allowed 
(scripts.tests.test_network_security.WANReadOnlyTest.test_personnel_view_wan_allowed)
Test personnel viewing allowed via WAN ... ok
test_post_operations_wan_blocked 
(scripts.tests.test_network_security.WANReadOnlyTest.test_post_operations_wan_blocked)
Test POST operations blocked on WAN ... ok

======================================================================
ERROR: scripts.tests.test_auto_print_manual (unittest.loader._FailedTest.scripts.tests.test_auto_print_manual)
----------------------------------------------------------------------
ImportError: Failed to import test module: scripts.tests.test_auto_print_manual
Traceback (most recent call last):
  File "C:\Program Files\Python312\Lib\unittest\loader.py", line 396, in _find_test_path
    module = self._get_module_from_name(name)
             ^^^^^^^^^^^^^^^^^^^^^^^^^^^^^^^^
  File "C:\Program Files\Python312\Lib\unittest\loader.py", line 339, in _get_module_from_name
    __import__(name)
  File "C:\Users\9533RDS\Desktop\Armguard\armguard\scripts\tests\test_auto_print_manual.py", line 26, in 
<module>
    print(f"\n\u2713 Found recent transaction: #{recent_take.id}")
  File "C:\Program Files\Python312\Lib\encodings\cp1252.py", line 19, in encode
    return codecs.charmap_encode(input,self.errors,encoding_table)[0]
           ^^^^^^^^^^^^^^^^^^^^^^^^^^^^^^^^^^^^^^^^^^^^^^^^^^^^^^^
UnicodeEncodeError: 'charmap' codec can't encode character '\u2713' in position 2: character maps to 
<undefined>


======================================================================
ERROR: scripts.tests.test_comprehensive_system_check 
(unittest.loader._FailedTest.scripts.tests.test_comprehensive_system_check)
----------------------------------------------------------------------
ImportError: Failed to import test module: scripts.tests.test_comprehensive_system_check
Traceback (most recent call last):
  File "C:\Program Files\Python312\Lib\unittest\loader.py", line 396, in _find_test_path
    module = self._get_module_from_name(name)
             ^^^^^^^^^^^^^^^^^^^^^^^^^^^^^^^^
  File "C:\Program Files\Python312\Lib\unittest\loader.py", line 339, in _get_module_from_name
    __import__(name)
  File "C:\Users\9533RDS\Desktop\Armguard\armguard\scripts\tests\test_comprehensive_system_check.py", line 
54, in <module>
    print('   \u2713 No orphaned QR codes found')
  File "C:\Program Files\Python312\Lib\encodings\cp1252.py", line 19, in encode
    return codecs.charmap_encode(input,self.errors,encoding_table)[0]
           ^^^^^^^^^^^^^^^^^^^^^^^^^^^^^^^^^^^^^^^^^^^^^^^^^^^^^^^
UnicodeEncodeError: 'charmap' codec can't encode character '\u2713' in position 3: character maps to 
<undefined>


======================================================================
ERROR: scripts.tests.test_consistency (unittest.loader._FailedTest.scripts.tests.test_consistency)
----------------------------------------------------------------------
ImportError: Failed to import test module: scripts.tests.test_consistency
Traceback (most recent call last):
  File "C:\Program Files\Python312\Lib\unittest\loader.py", line 396, in _find_test_path
    module = self._get_module_from_name(name)
             ^^^^^^^^^^^^^^^^^^^^^^^^^^^^^^^^
  File "C:\Program Files\Python312\Lib\unittest\loader.py", line 339, in _get_module_from_name
    __import__(name)
  File "C:\Users\9533RDS\Desktop\Armguard\armguard\scripts\tests\test_consistency.py", line 18, in <module>
    from consolidated_forms import PersonnelRegistrationForm
ModuleNotFoundError: No module named 'consolidated_forms'


======================================================================
ERROR: scripts.tests.test_delete_workflow (unittest.loader._FailedTest.scripts.tests.test_delete_workflow)
----------------------------------------------------------------------
ImportError: Failed to import test module: scripts.tests.test_delete_workflow
Traceback (most recent call last):
  File "C:\Users\9533RDS\Desktop\Armguard\.venv\Lib\site-packages\django\db\backends\utils.py", line 105, in 
_execute
    return self.cursor.execute(sql, params)
           ^^^^^^^^^^^^^^^^^^^^^^^^^^^^^^^^
  File "C:\Users\9533RDS\Desktop\Armguard\.venv\Lib\site-packages\django\db\backends\sqlite3\base.py", line 
354, in execute
    return super().execute(query, params)
           ^^^^^^^^^^^^^^^^^^^^^^^^^^^^^^
sqlite3.IntegrityError: UNIQUE constraint failed: auth_user.username

The above exception was the direct cause of the following exception:

Traceback (most recent call last):
  File "C:\Program Files\Python312\Lib\unittest\loader.py", line 396, in _find_test_path
    module = self._get_module_from_name(name)
             ^^^^^^^^^^^^^^^^^^^^^^^^^^^^^^^^
  File "C:\Program Files\Python312\Lib\unittest\loader.py", line 339, in _get_module_from_name
    __import__(name)
  File "C:\Users\9533RDS\Desktop\Armguard\armguard\scripts\tests\test_delete_workflow.py", line 22, in 
<module>
    test_user = User.objects.create_user(
                ^^^^^^^^^^^^^^^^^^^^^^^^^
  File "C:\Users\9533RDS\Desktop\Armguard\.venv\Lib\site-packages\django\contrib\auth\models.py", line 162, 
in create_user
    return self._create_user(username, email, password, **extra_fields)
           ^^^^^^^^^^^^^^^^^^^^^^^^^^^^^^^^^^^^^^^^^^^^^^^^^^^^^^^^^^^^
  File "C:\Users\9533RDS\Desktop\Armguard\.venv\Lib\site-packages\django\contrib\auth\models.py", line 156, 
in _create_user
    user.save(using=self._db)
  File "C:\Users\9533RDS\Desktop\Armguard\.venv\Lib\site-packages\django\contrib\auth\base_user.py", line 62, 
in save
    super().save(*args, **kwargs)
  File "C:\Users\9533RDS\Desktop\Armguard\.venv\Lib\site-packages\django\db\models\base.py", line 891, in save
    self.save_base(
  File "C:\Users\9533RDS\Desktop\Armguard\.venv\Lib\site-packages\django\db\models\base.py", line 997, in 
save_base
    updated = self._save_table(
              ^^^^^^^^^^^^^^^^^
  File "C:\Users\9533RDS\Desktop\Armguard\.venv\Lib\site-packages\django\db\models\base.py", line 1160, in 
_save_table
    results = self._do_insert(
              ^^^^^^^^^^^^^^^^
  File "C:\Users\9533RDS\Desktop\Armguard\.venv\Lib\site-packages\django\db\models\base.py", line 1201, in 
_do_insert
    return manager._insert(
           ^^^^^^^^^^^^^^^^
  File "C:\Users\9533RDS\Desktop\Armguard\.venv\Lib\site-packages\django\db\models\manager.py", line 87, in 
manager_method
    return getattr(self.get_queryset(), name)(*args, **kwargs)
           ^^^^^^^^^^^^^^^^^^^^^^^^^^^^^^^^^^^^^^^^^^^^^^^^^^^
  File "C:\Users\9533RDS\Desktop\Armguard\.venv\Lib\site-packages\django\db\models\query.py", line 1847, in 
_insert
    return query.get_compiler(using=using).execute_sql(returning_fields)
           ^^^^^^^^^^^^^^^^^^^^^^^^^^^^^^^^^^^^^^^^^^^^^^^^^^^^^^^^^^^^^
  File "C:\Users\9533RDS\Desktop\Armguard\.venv\Lib\site-packages\django\db\models\sql\compiler.py", line 
1836, in execute_sql
    cursor.execute(sql, params)
  File "C:\Users\9533RDS\Desktop\Armguard\.venv\Lib\site-packages\django\db\backends\utils.py", line 79, in 
execute
    return self._execute_with_wrappers(
           ^^^^^^^^^^^^^^^^^^^^^^^^^^^^
  File "C:\Users\9533RDS\Desktop\Armguard\.venv\Lib\site-packages\django\db\backends\utils.py", line 92, in 
_execute_with_wrappers
    return executor(sql, params, many, context)
           ^^^^^^^^^^^^^^^^^^^^^^^^^^^^^^^^^^^^
  File "C:\Users\9533RDS\Desktop\Armguard\.venv\Lib\site-packages\django\db\backends\utils.py", line 100, in 
_execute
    with self.db.wrap_database_errors:
  File "C:\Users\9533RDS\Desktop\Armguard\.venv\Lib\site-packages\django\db\utils.py", line 91, in __exit__
    raise dj_exc_value.with_traceback(traceback) from exc_value
  File "C:\Users\9533RDS\Desktop\Armguard\.venv\Lib\site-packages\django\db\backends\utils.py", line 105, in 
_execute
    return self.cursor.execute(sql, params)
           ^^^^^^^^^^^^^^^^^^^^^^^^^^^^^^^^
  File "C:\Users\9533RDS\Desktop\Armguard\.venv\Lib\site-packages\django\db\backends\sqlite3\base.py", line 
354, in execute
    return super().execute(query, params)
           ^^^^^^^^^^^^^^^^^^^^^^^^^^^^^^
django.db.utils.IntegrityError: UNIQUE constraint failed: auth_user.username


======================================================================
ERROR: scripts.tests.test_final_verification 
(unittest.loader._FailedTest.scripts.tests.test_final_verification)
----------------------------------------------------------------------
ImportError: Failed to import test module: scripts.tests.test_final_verification
Traceback (most recent call last):
  File "C:\Program Files\Python312\Lib\unittest\loader.py", line 396, in _find_test_path
    module = self._get_module_from_name(name)
             ^^^^^^^^^^^^^^^^^^^^^^^^^^^^^^^^
  File "C:\Program Files\Python312\Lib\unittest\loader.py", line 339, in _get_module_from_name
    __import__(name)
  File "C:\Users\9533RDS\Desktop\Armguard\armguard\scripts\tests\test_final_verification.py", line 71, in 
<module>
    print(f'   \u2705 No orphaned QR codes found')
  File "C:\Program Files\Python312\Lib\encodings\cp1252.py", line 19, in encode
    return codecs.charmap_encode(input,self.errors,encoding_table)[0]
           ^^^^^^^^^^^^^^^^^^^^^^^^^^^^^^^^^^^^^^^^^^^^^^^^^^^^^^^
UnicodeEncodeError: 'charmap' codec can't encode character '\u2705' in position 3: character maps to 
<undefined>


======================================================================
ERROR: scripts.tests.test_notification_debug 
(unittest.loader._FailedTest.scripts.tests.test_notification_debug)
----------------------------------------------------------------------
ImportError: Failed to import test module: scripts.tests.test_notification_debug
Traceback (most recent call last):
  File "C:\Program Files\Python312\Lib\unittest\loader.py", line 396, in _find_test_path
    module = self._get_module_from_name(name)
             ^^^^^^^^^^^^^^^^^^^^^^^^^^^^^^^^
  File "C:\Program Files\Python312\Lib\unittest\loader.py", line 339, in _get_module_from_name
    __import__(name)
  File "C:\Users\9533RDS\Desktop\Armguard\armguard\scripts\tests\test_notification_debug.py", line 25, in 
<module>
    print(f"\n\u2713 Personnel: {personnel.get_full_name()} (ID: {personnel.id})")
  File "C:\Program Files\Python312\Lib\encodings\cp1252.py", line 19, in encode
    return codecs.charmap_encode(input,self.errors,encoding_table)[0]
           ^^^^^^^^^^^^^^^^^^^^^^^^^^^^^^^^^^^^^^^^^^^^^^^^^^^^^^^
UnicodeEncodeError: 'charmap' codec can't encode character '\u2713' in position 2: character maps to 
<undefined>


======================================================================
ERROR: scripts.tests.test_pdf_fill (unittest.loader._FailedTest.scripts.tests.test_pdf_fill)
----------------------------------------------------------------------
ImportError: Failed to import test module: scripts.tests.test_pdf_fill
Traceback (most recent call last):
  File "C:\Program Files\Python312\Lib\unittest\loader.py", line 396, in _find_test_path
    module = self._get_module_from_name(name)
             ^^^^^^^^^^^^^^^^^^^^^^^^^^^^^^^^
  File "C:\Program Files\Python312\Lib\unittest\loader.py", line 339, in _get_module_from_name
    __import__(name)
  File "C:\Users\9533RDS\Desktop\Armguard\armguard\scripts\tests\test_pdf_fill.py", line 28, in <module>
    print(f'\u2713 Saved to: {output_path}')
  File "C:\Program Files\Python312\Lib\encodings\cp1252.py", line 19, in encode
    return codecs.charmap_encode(input,self.errors,encoding_table)[0]
           ^^^^^^^^^^^^^^^^^^^^^^^^^^^^^^^^^^^^^^^^^^^^^^^^^^^^^^^
UnicodeEncodeError: 'charmap' codec can't encode character '\u2713' in position 0: character maps to 
<undefined>


======================================================================
ERROR: scripts.tests.test_qr_gui_display (unittest.loader._FailedTest.scripts.tests.test_qr_gui_display)
----------------------------------------------------------------------
ImportError: Failed to import test module: scripts.tests.test_qr_gui_display
Traceback (most recent call last):
  File "C:\Program Files\Python312\Lib\unittest\loader.py", line 396, in _find_test_path
    module = self._get_module_from_name(name)
             ^^^^^^^^^^^^^^^^^^^^^^^^^^^^^^^^
  File "C:\Program Files\Python312\Lib\unittest\loader.py", line 339, in _get_module_from_name
    __import__(name)
  File "C:\Users\9533RDS\Desktop\Armguard\armguard\scripts\tests\test_qr_gui_display.py", line 22, in <module>
    print(f'   \u2713 {qr.reference_id}: {personnel.get_full_name()} (active)')
  File "C:\Program Files\Python312\Lib\encodings\cp1252.py", line 19, in encode
    return codecs.charmap_encode(input,self.errors,encoding_table)[0]
           ^^^^^^^^^^^^^^^^^^^^^^^^^^^^^^^^^^^^^^^^^^^^^^^^^^^^^^^
UnicodeEncodeError: 'charmap' codec can't encode character '\u2713' in position 3: character maps to 
<undefined>


======================================================================
ERROR: scripts.tests.test_qr_transaction_flow 
(unittest.loader._FailedTest.scripts.tests.test_qr_transaction_flow)
----------------------------------------------------------------------
ImportError: Failed to import test module: scripts.tests.test_qr_transaction_flow
Traceback (most recent call last):
  File "C:\Program Files\Python312\Lib\unittest\loader.py", line 396, in _find_test_path
    module = self._get_module_from_name(name)
             ^^^^^^^^^^^^^^^^^^^^^^^^^^^^^^^^
  File "C:\Program Files\Python312\Lib\unittest\loader.py", line 339, in _get_module_from_name
    __import__(name)
  File "C:\Users\9533RDS\Desktop\Armguard\armguard\scripts\tests\test_qr_transaction_flow.py", line 33, in 
<module>
    print(f"   \u2705 Personnel found: {personnel.get_full_name()}")
  File "C:\Program Files\Python312\Lib\encodings\cp1252.py", line 19, in encode
    return codecs.charmap_encode(input,self.errors,encoding_table)[0]
           ^^^^^^^^^^^^^^^^^^^^^^^^^^^^^^^^^^^^^^^^^^^^^^^^^^^^^^^
UnicodeEncodeError: 'charmap' codec can't encode character '\u2705' in position 3: character maps to 
<undefined>


======================================================================
ERROR: scripts.tests.test_transaction_notifications 
(unittest.loader._FailedTest.scripts.tests.test_transaction_notifications)
----------------------------------------------------------------------
ImportError: Failed to import test module: scripts.tests.test_transaction_notifications
Traceback (most recent call last):
  File "C:\Program Files\Python312\Lib\unittest\loader.py", line 396, in _find_test_path
    module = self._get_module_from_name(name)
             ^^^^^^^^^^^^^^^^^^^^^^^^^^^^^^^^
  File "C:\Program Files\Python312\Lib\unittest\loader.py", line 339, in _get_module_from_name
    __import__(name)
  File "C:\Users\9533RDS\Desktop\Armguard\armguard\scripts\tests\test_transaction_notifications.py", line 24, 
in <module>
    print("\n\U0001f4dd TEST 1: Checking templates for message display blocks...")
  File "C:\Program Files\Python312\Lib\encodings\cp1252.py", line 19, in encode
    return codecs.charmap_encode(input,self.errors,encoding_table)[0]
           ^^^^^^^^^^^^^^^^^^^^^^^^^^^^^^^^^^^^^^^^^^^^^^^^^^^^^^^
UnicodeEncodeError: 'charmap' codec can't encode character '\U0001f4dd' in position 2: character maps to 
<undefined>


======================================================================
ERROR: test_lan_required_decorator 
(scripts.tests.test_network_security.DecoratorTest.test_lan_required_decorator)
Test @lan_required decorator
----------------------------------------------------------------------
Traceback (most recent call last):
  File "C:\Users\9533RDS\Desktop\Armguard\armguard\scripts\tests\test_network_security.py", line 325, in 
test_lan_required_decorator
    result = test_view(lan_request)
             ^^^^^^^^^^^^^^^^^^^^^^
  File "C:\Users\9533RDS\Desktop\Armguard\armguard\core\network_decorators.py", line 23, in wrapper
    return JsonResponse({
           ^^^^^^^^^^^^^^
  File "C:\Users\9533RDS\Desktop\Armguard\.venv\Lib\site-packages\django\http\response.py", line 733, in 
__init__
    data = json.dumps(data, cls=encoder, **json_dumps_params)
           ^^^^^^^^^^^^^^^^^^^^^^^^^^^^^^^^^^^^^^^^^^^^^^^^^^
  File "C:\Program Files\Python312\Lib\json\__init__.py", line 238, in dumps
    **kw).encode(obj)
          ^^^^^^^^^^^
  File "C:\Program Files\Python312\Lib\json\encoder.py", line 200, in encode
    chunks = self.iterencode(o, _one_shot=True)
             ^^^^^^^^^^^^^^^^^^^^^^^^^^^^^^^^^^
  File "C:\Program Files\Python312\Lib\json\encoder.py", line 258, in iterencode
    return _iterencode(o, 0)
           ^^^^^^^^^^^^^^^^^
  File "C:\Users\9533RDS\Desktop\Armguard\.venv\Lib\site-packages\django\core\serializers\json.py", line 106, 
in default
    return super().default(o)
           ^^^^^^^^^^^^^^^^^^
  File "C:\Program Files\Python312\Lib\json\encoder.py", line 180, in default
    raise TypeError(f'Object of type {o.__class__.__name__} '
TypeError: Object of type MagicMock is not JSON serializable

======================================================================
ERROR: test_unknown_port_defaults 
(scripts.tests.test_network_security.NetworkTypeDetectionTest.test_unknown_port_defaults)
Test unknown port defaults to WAN for security
----------------------------------------------------------------------
Traceback (most recent call last):
  File "C:\Users\9533RDS\Desktop\Armguard\armguard\scripts\tests\test_network_security.py", line 196, in 
test_unknown_port_defaults
    self.assertTrue(request.is_wan_access)
                    ^^^^^^^^^^^^^^^^^^^^^
AttributeError: 'WSGIRequest' object has no attribute 'is_wan_access'

======================================================================
FAIL: test_lan_port_detection 
(scripts.tests.test_network_security.NetworkTypeDetectionTest.test_lan_port_detection)
Test LAN network detection on port 8443
----------------------------------------------------------------------
Traceback (most recent call last):
  File "C:\Users\9533RDS\Desktop\Armguard\armguard\scripts\tests\test_network_security.py", line 160, in 
test_lan_port_detection
    self.assertTrue(hasattr(request, 'is_lan_access'))
AssertionError: False is not true

======================================================================
FAIL: test_wan_port_detection 
(scripts.tests.test_network_security.NetworkTypeDetectionTest.test_wan_port_detection)
Test WAN network detection on port 443
----------------------------------------------------------------------
Traceback (most recent call last):
  File "C:\Users\9533RDS\Desktop\Armguard\armguard\scripts\tests\test_network_security.py", line 178, in 
test_wan_port_detection
    self.assertTrue(hasattr(request, 'is_wan_access'))
AssertionError: False is not true

======================================================================
FAIL: test_network_context_processor 
(scripts.tests.test_network_security.TemplateContextTest.test_network_context_processor)
Test network context processor
----------------------------------------------------------------------
Traceback (most recent call last):
  File "C:\Users\9533RDS\Desktop\Armguard\armguard\scripts\tests\test_network_security.py", line 438, in 
test_network_context_processor
    self.assertTrue(context['is_lan_access'])
AssertionError: False is not true

----------------------------------------------------------------------
Ran 33 tests in 15.775s

FAILED (failures=3, errors=12)
Destroying test database for alias 'default' ('file:memorydb_default?mode=memory&cache=shared')...

